{
  "headers": [
    "label",
    "2567",
    "2566",
    "2565",
    "2564",
    "2563"
  ],
  "rows": [
    [
      "assets",
      "2620074",
      "2708296",
      "2636951",
      "2499109",
      "2609374"
    ],
    [
      "ROA",
      "(%%)",
      "1.10",
      "1.22",
      "1.20",
      "1.32"
    ],
    [
      "EPS",
      "(baht)",
      "4.04",
      "4.48",
      "4.18",
      "4.59"
    ],
    [
      "ROE",
      "(%%)",
      "7.81",
      "9.28",
      "9.33",
      "11.17"
    ]
  ]
}
